{
    "single-fastq": {
        "content": [
            [
                "alignment",
                "alignment/HCC1395N",
                "alignment/HCC1395N/HCC1395N_merged.cram",
                "alignment/HCC1395N/HCC1395N_merged.cram.crai",
                "alignment/HCC1395T",
                "alignment/HCC1395T/HCC1395T_merged.cram",
                "alignment/HCC1395T/HCC1395T_merged.cram.crai",
                "bwa2_index",
                "bwa2_index/chr22.fasta.0123",
                "bwa2_index/chr22.fasta.amb",
                "bwa2_index/chr22.fasta.ann",
                "bwa2_index/chr22.fasta.bwt.2bit.64",
                "bwa2_index/chr22.fasta.pac",
                "bwa2_index/versions.yml",
                "variant_alignment_qc",
                "variant_alignment_qc/HCC1395T",
                "variant_alignment_qc/HCC1395T/HCC1395T_coverage.bedgraph",
                "variant_alignment_qc/HCC1395T/versions.yml",
                "variant_alignment_qc/HCC1395T_vs_HCC1395N.deepsomatic.germline",
                "variant_alignment_qc/HCC1395T_vs_HCC1395N.deepsomatic.germline/HCC1395T_vs_HCC1395N.deepsomatic.germline_indel_count.txt",
                "variant_alignment_qc/HCC1395T_vs_HCC1395N.deepsomatic.germline/HCC1395T_vs_HCC1395N.deepsomatic.germline_snp_count.txt",
                "variant_alignment_qc/HCC1395T_vs_HCC1395N.deepsomatic.germline/HCC1395T_vs_HCC1395N.deepsomatic.germline_variant_stats.txt",
                "variant_alignment_qc/HCC1395T_vs_HCC1395N.deepsomatic.germline/HCC1395T_vs_HCC1395N.deepsomatic.germline_variants.bed",
                "variant_alignment_qc/HCC1395T_vs_HCC1395N.deepsomatic.germline/versions.yml",
                "variant_alignment_qc/HCC1395T_vs_HCC1395N.deepsomatic.somatic",
                "variant_alignment_qc/HCC1395T_vs_HCC1395N.deepsomatic.somatic/HCC1395T_vs_HCC1395N.deepsomatic.somatic_indel_count.txt",
                "variant_alignment_qc/HCC1395T_vs_HCC1395N.deepsomatic.somatic/HCC1395T_vs_HCC1395N.deepsomatic.somatic_snp_count.txt",
                "variant_alignment_qc/HCC1395T_vs_HCC1395N.deepsomatic.somatic/HCC1395T_vs_HCC1395N.deepsomatic.somatic_variant_stats.txt",
                "variant_alignment_qc/HCC1395T_vs_HCC1395N.deepsomatic.somatic/HCC1395T_vs_HCC1395N.deepsomatic.somatic_variants.bed",
                "variant_alignment_qc/HCC1395T_vs_HCC1395N.deepsomatic.somatic/versions.yml",
                "variant_alignment_qc/HCC1395T_vs_HCC1395N.manta.candidate_indels",
                "variant_alignment_qc/HCC1395T_vs_HCC1395N.manta.candidate_indels/HCC1395T_vs_HCC1395N.manta.candidate_indels_indel_count.txt",
                "variant_alignment_qc/HCC1395T_vs_HCC1395N.manta.candidate_indels/HCC1395T_vs_HCC1395N.manta.candidate_indels_snp_count.txt",
                "variant_alignment_qc/HCC1395T_vs_HCC1395N.manta.candidate_indels/HCC1395T_vs_HCC1395N.manta.candidate_indels_variant_stats.txt",
                "variant_alignment_qc/HCC1395T_vs_HCC1395N.manta.candidate_indels/HCC1395T_vs_HCC1395N.manta.candidate_indels_variants.bed",
                "variant_alignment_qc/HCC1395T_vs_HCC1395N.manta.candidate_indels/versions.yml",
                "variant_alignment_qc/HCC1395T_vs_HCC1395N.manta.somatic_sv",
                "variant_alignment_qc/HCC1395T_vs_HCC1395N.manta.somatic_sv/HCC1395T_vs_HCC1395N.manta.somatic_sv_indel_count.txt",
                "variant_alignment_qc/HCC1395T_vs_HCC1395N.manta.somatic_sv/HCC1395T_vs_HCC1395N.manta.somatic_sv_snp_count.txt",
                "variant_alignment_qc/HCC1395T_vs_HCC1395N.manta.somatic_sv/HCC1395T_vs_HCC1395N.manta.somatic_sv_variant_stats.txt",
                "variant_alignment_qc/HCC1395T_vs_HCC1395N.manta.somatic_sv/HCC1395T_vs_HCC1395N.manta.somatic_sv_variants.bed",
                "variant_alignment_qc/HCC1395T_vs_HCC1395N.manta.somatic_sv/versions.yml",
                "variant_annotation",
                "variant_annotation/HCC1395T_vs_HCC1395N.deepsomatic.germline",
                "variant_annotation/HCC1395T_vs_HCC1395N.deepsomatic.germline/HCC1395T_vs_HCC1395N.deepsomatic.germline.ann.vcf",
                "variant_annotation/HCC1395T_vs_HCC1395N.deepsomatic.germline/HCC1395T_vs_HCC1395N.deepsomatic.germline.csv",
                "variant_annotation/HCC1395T_vs_HCC1395N.deepsomatic.germline/HCC1395T_vs_HCC1395N.deepsomatic.germline.genes.txt",
                "variant_annotation/HCC1395T_vs_HCC1395N.deepsomatic.germline/HCC1395T_vs_HCC1395N.deepsomatic.germline.html",
                "variant_annotation/HCC1395T_vs_HCC1395N.deepsomatic.germline/HCC1395T_vs_HCC1395N.deepsomatic.germline.vcf.gz",
                "variant_annotation/HCC1395T_vs_HCC1395N.deepsomatic.germline/HCC1395T_vs_HCC1395N.deepsomatic.germline.vcf.gz.tbi",
                "variant_annotation/HCC1395T_vs_HCC1395N.deepsomatic.germline/snpEff_summary.html",
                "variant_annotation/HCC1395T_vs_HCC1395N.deepsomatic.germline/versions.yml",
                "variant_annotation/HCC1395T_vs_HCC1395N.deepsomatic.somatic",
                "variant_annotation/HCC1395T_vs_HCC1395N.deepsomatic.somatic/HCC1395T_vs_HCC1395N.deepsomatic.somatic.ann.vcf",
                "variant_annotation/HCC1395T_vs_HCC1395N.deepsomatic.somatic/HCC1395T_vs_HCC1395N.deepsomatic.somatic.csv",
                "variant_annotation/HCC1395T_vs_HCC1395N.deepsomatic.somatic/HCC1395T_vs_HCC1395N.deepsomatic.somatic.genes.txt",
                "variant_annotation/HCC1395T_vs_HCC1395N.deepsomatic.somatic/HCC1395T_vs_HCC1395N.deepsomatic.somatic.html",
                "variant_annotation/HCC1395T_vs_HCC1395N.deepsomatic.somatic/HCC1395T_vs_HCC1395N.deepsomatic.somatic.vcf.gz",
                "variant_annotation/HCC1395T_vs_HCC1395N.deepsomatic.somatic/HCC1395T_vs_HCC1395N.deepsomatic.somatic.vcf.gz.tbi",
                "variant_annotation/HCC1395T_vs_HCC1395N.deepsomatic.somatic/snpEff_summary.html",
                "variant_annotation/HCC1395T_vs_HCC1395N.deepsomatic.somatic/versions.yml",
                "variant_annotation/HCC1395T_vs_HCC1395N.manta.candidate_indels",
                "variant_annotation/HCC1395T_vs_HCC1395N.manta.candidate_indels/HCC1395T_vs_HCC1395N.manta.candidate_indels.ann.vcf",
                "variant_annotation/HCC1395T_vs_HCC1395N.manta.candidate_indels/HCC1395T_vs_HCC1395N.manta.candidate_indels.csv",
                "variant_annotation/HCC1395T_vs_HCC1395N.manta.candidate_indels/HCC1395T_vs_HCC1395N.manta.candidate_indels.genes.txt",
                "variant_annotation/HCC1395T_vs_HCC1395N.manta.candidate_indels/HCC1395T_vs_HCC1395N.manta.candidate_indels.html",
                "variant_annotation/HCC1395T_vs_HCC1395N.manta.candidate_indels/HCC1395T_vs_HCC1395N.manta.candidate_indels.vcf.gz",
                "variant_annotation/HCC1395T_vs_HCC1395N.manta.candidate_indels/HCC1395T_vs_HCC1395N.manta.candidate_indels.vcf.gz.tbi",
                "variant_annotation/HCC1395T_vs_HCC1395N.manta.candidate_indels/snpEff_summary.html",
                "variant_annotation/HCC1395T_vs_HCC1395N.manta.candidate_indels/versions.yml",
                "variant_annotation/HCC1395T_vs_HCC1395N.manta.somatic_sv",
                "variant_annotation/HCC1395T_vs_HCC1395N.manta.somatic_sv/HCC1395T_vs_HCC1395N.manta.somatic_sv.ann.vcf",
                "variant_annotation/HCC1395T_vs_HCC1395N.manta.somatic_sv/HCC1395T_vs_HCC1395N.manta.somatic_sv.csv",
                "variant_annotation/HCC1395T_vs_HCC1395N.manta.somatic_sv/HCC1395T_vs_HCC1395N.manta.somatic_sv.genes.txt",
                "variant_annotation/HCC1395T_vs_HCC1395N.manta.somatic_sv/HCC1395T_vs_HCC1395N.manta.somatic_sv.html",
                "variant_annotation/HCC1395T_vs_HCC1395N.manta.somatic_sv/HCC1395T_vs_HCC1395N.manta.somatic_sv.vcf.gz",
                "variant_annotation/HCC1395T_vs_HCC1395N.manta.somatic_sv/HCC1395T_vs_HCC1395N.manta.somatic_sv.vcf.gz.tbi",
                "variant_annotation/HCC1395T_vs_HCC1395N.manta.somatic_sv/snpEff_summary.html",
                "variant_annotation/HCC1395T_vs_HCC1395N.manta.somatic_sv/versions.yml",
                "variant_calling",
                "variant_calling/small",
                "variant_calling/small/HCC1395T_vs_HCC1395N",
                "variant_calling/small/HCC1395T_vs_HCC1395N/HCC1395T_vs_HCC1395N.germline.vcf.gz",
                "variant_calling/small/HCC1395T_vs_HCC1395N/HCC1395T_vs_HCC1395N.germline.vcf.gz.tbi",
                "variant_calling/small/HCC1395T_vs_HCC1395N/HCC1395T_vs_HCC1395N.somatic.vcf.gz",
                "variant_calling/small/HCC1395T_vs_HCC1395N/HCC1395T_vs_HCC1395N.somatic.vcf.gz.tbi",
                "variant_calling/small/HCC1395T_vs_HCC1395N/versions.yml",
                "variant_calling/structural",
                "variant_calling/structural/HCC1395T_vs_HCC1395N",
                "variant_calling/structural/HCC1395T_vs_HCC1395N/HCC1395T_vs_HCC1395N.candidate_small_indels.vcf.gz",
                "variant_calling/structural/HCC1395T_vs_HCC1395N/HCC1395T_vs_HCC1395N.candidate_small_indels.vcf.gz.tbi",
                "variant_calling/structural/HCC1395T_vs_HCC1395N/HCC1395T_vs_HCC1395N.somatic_sv.vcf.gz",
                "variant_calling/structural/HCC1395T_vs_HCC1395N/HCC1395T_vs_HCC1395N.somatic_sv.vcf.gz.tbi",
                "variant_calling/structural/HCC1395T_vs_HCC1395N/versions.yml"
            ],
            [
                "chr22.fasta.0123:md5,8fa3abf34200ccbbdd8536f9cefed95d",
                "chr22.fasta.amb:md5,264db5d0d4d1017d209c20e98d41d2e2",
                "chr22.fasta.ann:md5,9891c001c334b01fbd835340997e37be",
                "chr22.fasta.bwt.2bit.64:md5,fa64d6b80c9ad135477ab75fe7c44413",
                "chr22.fasta.pac:md5,a1bd3051e7e86e022fe732609e1e7c4f",
                "HCC1395T_vs_HCC1395N.deepsomatic.germline.genes.txt:md5,a38877bcf3102cb7a614516b52884a15",
                "HCC1395T_vs_HCC1395N.deepsomatic.somatic.genes.txt:md5,1702278ff53e4b46023b7f77f3a74459",
                "HCC1395T_vs_HCC1395N.manta.candidate_indels.genes.txt:md5,542753a830f414cefcd08252182e4453",
                "HCC1395T_vs_HCC1395N.manta.somatic_sv.genes.txt:md5,130536bf0237d7f3f746d32aaa32840a"
            ]
        ],
        "timestamp": "2026-04-16T00:32:30.474637256",
        "meta": {
            "nf-test": "0.9.4",
            "nextflow": "25.10.4"
        }
    }
}