{
    "single-fastq": {
        "content": [
            [
                "alignment",
                "alignment/HCC1395N",
                "alignment/HCC1395N/HCC1395N_merged.cram",
                "alignment/HCC1395N/HCC1395N_merged.cram.crai",
                "alignment/HCC1395T",
                "alignment/HCC1395T/HCC1395T_merged.cram",
                "alignment/HCC1395T/HCC1395T_merged.cram.crai",
                "bwa2_index",
                "bwa2_index/chr22.fasta.0123",
                "bwa2_index/chr22.fasta.amb",
                "bwa2_index/chr22.fasta.ann",
                "bwa2_index/chr22.fasta.bwt.2bit.64",
                "bwa2_index/chr22.fasta.pac",
                "bwa2_index/versions.yml",
                "variant_alignment_qc",
                "variant_alignment_qc/HCC1395T",
                "variant_alignment_qc/HCC1395T/HCC1395T_coverage.bedgraph",
                "variant_alignment_qc/HCC1395T/versions.yml",
                "variant_alignment_qc/HCC1395T_vs_HCC1395N.manta.candidate_indels",
                "variant_alignment_qc/HCC1395T_vs_HCC1395N.manta.candidate_indels/HCC1395T_vs_HCC1395N.manta.candidate_indels_indel_count.txt",
                "variant_alignment_qc/HCC1395T_vs_HCC1395N.manta.candidate_indels/HCC1395T_vs_HCC1395N.manta.candidate_indels_snp_count.txt",
                "variant_alignment_qc/HCC1395T_vs_HCC1395N.manta.candidate_indels/HCC1395T_vs_HCC1395N.manta.candidate_indels_variant_stats.txt",
                "variant_alignment_qc/HCC1395T_vs_HCC1395N.manta.candidate_indels/HCC1395T_vs_HCC1395N.manta.candidate_indels_variants.bed",
                "variant_alignment_qc/HCC1395T_vs_HCC1395N.manta.candidate_indels/versions.yml",
                "variant_alignment_qc/HCC1395T_vs_HCC1395N.manta.somatic_sv",
                "variant_alignment_qc/HCC1395T_vs_HCC1395N.manta.somatic_sv/HCC1395T_vs_HCC1395N.manta.somatic_sv_indel_count.txt",
                "variant_alignment_qc/HCC1395T_vs_HCC1395N.manta.somatic_sv/HCC1395T_vs_HCC1395N.manta.somatic_sv_snp_count.txt",
                "variant_alignment_qc/HCC1395T_vs_HCC1395N.manta.somatic_sv/HCC1395T_vs_HCC1395N.manta.somatic_sv_variant_stats.txt",
                "variant_alignment_qc/HCC1395T_vs_HCC1395N.manta.somatic_sv/HCC1395T_vs_HCC1395N.manta.somatic_sv_variants.bed",
                "variant_alignment_qc/HCC1395T_vs_HCC1395N.manta.somatic_sv/versions.yml",
                "variant_alignment_qc/HCC1395T_vs_HCC1395N.strelka.indels",
                "variant_alignment_qc/HCC1395T_vs_HCC1395N.strelka.indels/HCC1395T_vs_HCC1395N.strelka.indels_indel_count.txt",
                "variant_alignment_qc/HCC1395T_vs_HCC1395N.strelka.indels/HCC1395T_vs_HCC1395N.strelka.indels_snp_count.txt",
                "variant_alignment_qc/HCC1395T_vs_HCC1395N.strelka.indels/HCC1395T_vs_HCC1395N.strelka.indels_variant_stats.txt",
                "variant_alignment_qc/HCC1395T_vs_HCC1395N.strelka.indels/HCC1395T_vs_HCC1395N.strelka.indels_variants.bed",
                "variant_alignment_qc/HCC1395T_vs_HCC1395N.strelka.indels/versions.yml",
                "variant_alignment_qc/HCC1395T_vs_HCC1395N.strelka.snvs",
                "variant_alignment_qc/HCC1395T_vs_HCC1395N.strelka.snvs/HCC1395T_vs_HCC1395N.strelka.snvs_indel_count.txt",
                "variant_alignment_qc/HCC1395T_vs_HCC1395N.strelka.snvs/HCC1395T_vs_HCC1395N.strelka.snvs_snp_count.txt",
                "variant_alignment_qc/HCC1395T_vs_HCC1395N.strelka.snvs/HCC1395T_vs_HCC1395N.strelka.snvs_variant_stats.txt",
                "variant_alignment_qc/HCC1395T_vs_HCC1395N.strelka.snvs/HCC1395T_vs_HCC1395N.strelka.snvs_variants.bed",
                "variant_alignment_qc/HCC1395T_vs_HCC1395N.strelka.snvs/versions.yml",
                "variant_calling",
                "variant_calling/HCC1395T_vs_HCC1395N",
                "variant_calling/HCC1395T_vs_HCC1395N/HCC1395T_vs_HCC1395N.candidate_small_indels.vcf.gz",
                "variant_calling/HCC1395T_vs_HCC1395N/HCC1395T_vs_HCC1395N.candidate_small_indels.vcf.gz.tbi",
                "variant_calling/HCC1395T_vs_HCC1395N/HCC1395T_vs_HCC1395N.somatic_indels.vcf.gz",
                "variant_calling/HCC1395T_vs_HCC1395N/HCC1395T_vs_HCC1395N.somatic_indels.vcf.gz.tbi",
                "variant_calling/HCC1395T_vs_HCC1395N/HCC1395T_vs_HCC1395N.somatic_snvs.vcf.gz",
                "variant_calling/HCC1395T_vs_HCC1395N/HCC1395T_vs_HCC1395N.somatic_snvs.vcf.gz.tbi",
                "variant_calling/HCC1395T_vs_HCC1395N/HCC1395T_vs_HCC1395N.somatic_sv.vcf.gz",
                "variant_calling/HCC1395T_vs_HCC1395N/HCC1395T_vs_HCC1395N.somatic_sv.vcf.gz.tbi",
                "variant_calling/HCC1395T_vs_HCC1395N/versions.yml"
            ],
            [
                "chr22.fasta.0123:md5,8fa3abf34200ccbbdd8536f9cefed95d",
                "chr22.fasta.amb:md5,264db5d0d4d1017d209c20e98d41d2e2",
                "chr22.fasta.ann:md5,9891c001c334b01fbd835340997e37be",
                "chr22.fasta.bwt.2bit.64:md5,fa64d6b80c9ad135477ab75fe7c44413",
                "chr22.fasta.pac:md5,a1bd3051e7e86e022fe732609e1e7c4f",
                "HCC1395T_coverage.bedgraph:md5,a09908e3dc821e16eff7469ca8533959",
                "HCC1395T_vs_HCC1395N.manta.candidate_indels_indel_count.txt:md5,87aa60e6e440a6656bc74eb20476d662",
                "HCC1395T_vs_HCC1395N.manta.candidate_indels_snp_count.txt:md5,897316929176464ebc9ad085f31e7284",
                "HCC1395T_vs_HCC1395N.manta.candidate_indels_variant_stats.txt:md5,d0419388f7109723a03158b10f387f89",
                "HCC1395T_vs_HCC1395N.manta.candidate_indels_variants.bed:md5,078f9994e85a5a5e9ec7fb2de386d293",
                "HCC1395T_vs_HCC1395N.manta.somatic_sv_indel_count.txt:md5,897316929176464ebc9ad085f31e7284",
                "HCC1395T_vs_HCC1395N.manta.somatic_sv_snp_count.txt:md5,897316929176464ebc9ad085f31e7284",
                "HCC1395T_vs_HCC1395N.manta.somatic_sv_variant_stats.txt:md5,d417c9a01013dd99cb2bada7f1b6ba8e",
                "HCC1395T_vs_HCC1395N.manta.somatic_sv_variants.bed:md5,d41d8cd98f00b204e9800998ecf8427e",
                "HCC1395T_vs_HCC1395N.strelka.indels_indel_count.txt:md5,8d7e35631f830f2c5b9685450a2b8568",
                "HCC1395T_vs_HCC1395N.strelka.indels_snp_count.txt:md5,897316929176464ebc9ad085f31e7284",
                "HCC1395T_vs_HCC1395N.strelka.indels_variant_stats.txt:md5,19cea49f34b120b73d282a44047fce85",
                "HCC1395T_vs_HCC1395N.strelka.indels_variants.bed:md5,f17f115bc91857563aef6f4759b15f54",
                "HCC1395T_vs_HCC1395N.strelka.snvs_indel_count.txt:md5,897316929176464ebc9ad085f31e7284",
                "HCC1395T_vs_HCC1395N.strelka.snvs_snp_count.txt:md5,5b82ff603352038685c35f77466fe7fd",
                "HCC1395T_vs_HCC1395N.strelka.snvs_variant_stats.txt:md5,f1201f7b02889483f73763cb441930d8",
                "HCC1395T_vs_HCC1395N.strelka.snvs_variants.bed:md5,10d9d7939ed2a6e24a3d58d9a88ee5b0"
            ]
        ],
        "timestamp": "2026-04-06T17:07:56.968338378",
        "meta": {
            "nf-test": "0.9.4",
            "nextflow": "25.10.4"
        }
    }
}