{
    "homo_sapiens - vcf": {
        "content": [
            {
                "0": [
                    [
                        {
                            "id": "test"
                        },
                        "test_variants.bed:md5,d41d8cd98f00b204e9800998ecf8427e"
                    ]
                ],
                "1": [
                    "versions.yml:md5,089599bb38fce6ac2a0c16c1fd822637"
                ],
                "bed": [
                    [
                        {
                            "id": "test"
                        },
                        "test_variants.bed:md5,d41d8cd98f00b204e9800998ecf8427e"
                    ]
                ],
                "versions": [
                    "versions.yml:md5,089599bb38fce6ac2a0c16c1fd822637"
                ]
            }
        ],
        "timestamp": "2026-04-03T14:40:36.078164019",
        "meta": {
            "nf-test": "0.9.5",
            "nextflow": "25.10.4"
        }
    }
}